// Jest Snapshot v1, https://goo.gl/fbAQLP

exports[`tests for EditableTodoList matches snapshot 1`] = `
<div>
  <div>
    <div
      class="EditableTodo"
    >
      <div
        class="mb-3"
      >
        <div
          class="float-end text-sm-end"
        >
          <button
            class="EditableTodo-toggle btn-link btn btn-sm"
          >
            Edit
          </button>
          <button
            class="EditableTodo-delBtn btn-link btn btn-sm text-danger"
          >
            Del
          </button>
        </div>
        <div
          class="Todo"
        >
          <div>
            <b>
              test1
            </b>
             
            <small>
              Priority 1
            </small>
          </div>
          <div>
            <small>
              test1 description
            </small>
          </div>
        </div>
      </div>
    </div>
    <div
      class="EditableTodo"
    >
      <div
        class="mb-3"
      >
        <div
          class="float-end text-sm-end"
        >
          <button
            class="EditableTodo-toggle btn-link btn btn-sm"
          >
            Edit
          </button>
          <button
            class="EditableTodo-delBtn btn-link btn btn-sm text-danger"
          >
            Del
          </button>
        </div>
        <div
          class="Todo"
        >
          <div>
            <b>
              test2
            </b>
             
            <small>
              Priority 2
            </small>
          </div>
          <div>
            <small>
              test2 description
            </small>
          </div>
        </div>
      </div>
    </div>
    <div
      class="EditableTodo"
    >
      <div
        class="mb-3"
      >
        <div
          class="float-end text-sm-end"
        >
          <button
            class="EditableTodo-toggle btn-link btn btn-sm"
          >
            Edit
          </button>
          <button
            class="EditableTodo-delBtn btn-link btn btn-sm text-danger"
          >
            Del
          </button>
        </div>
        <div
          class="Todo"
        >
          <div>
            <b>
              test3
            </b>
             
            <small>
              Priority 3
            </small>
          </div>
          <div>
            <small>
              test3 description
            </small>
          </div>
        </div>
      </div>
    </div>
  </div>
</div>
`;
